 agenthive 

   [p]eers    [r]outes    [a]ctions    [l]ogs   
  ────────────────────────────────────────────────────────────
  PEER               STATUS     LATENCY  AGENTS     MESSAGES
  ------------------------------------------------------------
  * dev-server       online     12ms     5 agents   43 msgs today
  * macbook-pro      online     3ms      2 agents   18 msgs today
  * pixel-phone      online     45ms     0 agents   7 msgs today

  [p]eers [r]outes [a]ctions [l]ogs  |  [q]uit
